---
source: crates/rspack_error/tests/fixtures.rs
assertion_line: 41
expression: sass-warnings
---
warning[scss]: Sass Warning
  ┌─ tests/fixtures/sass-warnings/index.scss:2:11
  │
2 │   width: (12px/4px);
  │           ^^^^^^^^ Using / for division outside of calc() is deprecated and will be removed in Dart Sass 2.0.0.

Recommendation: math.div(12px, 4px) or calc(12px / 4px)

More info and automated migrator: https://sass-lang.com/d/slash-div


