---
source: crates/testground/tests/fixtures/plugin_globals.rs
assertion_line: 18
expression: "&bundler.bundle.context.assets.lock().unwrap().get(0).expect(\"failed to generate bundle\").source"
---
rs.define("./../../globals:react", function(require, module, exports) {
    "use strict";
    Object.defineProperty(exports, "__esModule", {
        value: true
    });
    exports.default = void 0;
    var global = typeof globalThis !== 'undefined' ? globalThis : global || self;
    var imported = global.React;
    var _default = imported;
    exports.default = _default;
});

rs.define("./src/index.js", function(require, module, exports) {
    "use strict";
    function _interopRequireDefault(obj) {
        return obj && obj.__esModule ? obj : {
            default: obj
        };
    }
    var _react = _interopRequireDefault(require("./../../globals:react"));
    _react.default.createElement("div", null, {
        children: "Hello, world!"
    });
});
rs.require("./src/index.js");

