---
source: crates/rspack_testing/src/run_fixture.rs
---
```css title=main.css
@import url("https://some/other/external/css");
@import url("https://some/external/css");
body {
  background: red;
}

.c {
  background: red;
}



.c {
  color: yellow;
}

.b {
  background: red;
}



.b {
  color: yellow;
}





```
