---
source: crates/rspack_testing/src/run_fixture.rs
---
```html title=default.6b3dba90e994347a.html
<!DOCTYPE html>
<html>
<head>
    <meta charset="utf-8">
    <title>rspack</title>
  <script src="/runtime.js" defer></script><script src="/main.js" defer></script><link href="/main.css" rel="stylesheet" /></head>
  <body>
  
</body></html>
```

```html title=index.6b3dba90e994347a.html
<!DOCTYPE html>
<html>
<head>
  <meta charset="UTF-8" />
  <title>Rspack App</title>
<script src="/runtime.js" defer></script><script src="/main.js" defer></script><link href="/main.css" rel="stylesheet" /></head>

<body>



</body></html>
```
