---
source: crates/rspack_error/tests/fixtures.rs
expression: multiple_file_syntax_error
---
error[javascript]: JavaScript parsing error
  ┌─ tests/out_of_order/multiple_file_syntax_error/a.js:2:10
  │
2 │ const  D {
  │          ^ Expected a semicolon

error[javascript]: JavaScript parsing error
  ┌─ tests/out_of_order/multiple_file_syntax_error/a.js:6:1
  │
6 │ }
  │ ^ Expression expected

error[javascript]: JavaScript parsing error
  ┌─ tests/out_of_order/multiple_file_syntax_error/b.js:2:10
  │
2 │ const  D {
  │          ^ Expected a semicolon

error[javascript]: JavaScript parsing error
  ┌─ tests/out_of_order/multiple_file_syntax_error/b.js:6:1
  │
6 │ }
  │ ^ Expression expected

error[javascript]: JavaScript parsing error
  ┌─ tests/out_of_order/multiple_file_syntax_error/c.js:2:10
  │
2 │ const  D {
  │          ^ Expected a semicolon

error[javascript]: JavaScript parsing error
  ┌─ tests/out_of_order/multiple_file_syntax_error/c.js:6:1
  │
6 │ }
  │ ^ Expression expected

error[javascript]: JavaScript parsing error
  ┌─ tests/out_of_order/multiple_file_syntax_error/d.js:2:10
  │
2 │ const  D {
  │          ^ Expected a semicolon

error[javascript]: JavaScript parsing error
  ┌─ tests/out_of_order/multiple_file_syntax_error/d.js:6:1
  │
6 │ }
  │ ^ Expression expected

error[javascript]: JavaScript parsing error
  ┌─ tests/out_of_order/multiple_file_syntax_error/e.js:2:10
  │
2 │ const  D {
  │          ^ Expected a semicolon

error[javascript]: JavaScript parsing error
  ┌─ tests/out_of_order/multiple_file_syntax_error/e.js:6:1
  │
6 │ }
  │ ^ Expression expected

error[javascript]: JavaScript parsing error
  ┌─ tests/out_of_order/multiple_file_syntax_error/f.js:2:10
  │
2 │ const  D {
  │          ^ Expected a semicolon

error[javascript]: JavaScript parsing error
  ┌─ tests/out_of_order/multiple_file_syntax_error/f.js:6:1
  │
6 │ }
  │ ^ Expression expected

error[javascript]: JavaScript parsing error
  ┌─ tests/out_of_order/multiple_file_syntax_error/g.js:2:10
  │
2 │ const  D {
  │          ^ Expected a semicolon

error[javascript]: JavaScript parsing error
  ┌─ tests/out_of_order/multiple_file_syntax_error/g.js:6:1
  │
6 │ }
  │ ^ Expression expected


