---
source: crates/rspack_testing/src/run_fixture.rs
---
```js title=main.js
(self['webpackChunkwebpack'] = self['webpackChunkwebpack'] || []).push([["main"], {
"./answer.js": (function (__unused_webpack_module, __webpack_exports__, __webpack_require__) {
"use strict";
__webpack_require__.r(__webpack_exports__);
__webpack_require__.d(__webpack_exports__, {
  answer: function() { return answer; }
});

const answer = 42;
}),
"./app.js": (function (__unused_webpack_module, __webpack_exports__, __webpack_require__) {
"use strict";
__webpack_require__.r(__webpack_exports__);
__webpack_require__.d(__webpack_exports__, {
  myanswer: function() { return _lib__WEBPACK_IMPORTED_MODULE_0__.myanswer; }
});
/* harmony import */var _lib__WEBPACK_IMPORTED_MODULE_0__ = __webpack_require__(/*! ./lib */"./lib.js");

}),
"./index.js": (function (__unused_webpack_module, __webpack_exports__, __webpack_require__) {
"use strict";
__webpack_require__.r(__webpack_exports__);
/* harmony import */var _app__WEBPACK_IMPORTED_MODULE_0__ = __webpack_require__(/*! ./app */"./app.js");

__webpack_require__(/*! ./answer */"./answer.js");
(0, _app__WEBPACK_IMPORTED_MODULE_0__.myanswer)();
}),
"./lib.js": (function (__unused_webpack_module, __webpack_exports__, __webpack_require__) {
"use strict";
__webpack_require__.r(__webpack_exports__);
__webpack_require__.d(__webpack_exports__, {
  myanswer: function() { return myanswer; }
});
const myanswer = 'anyser';
}),

},function(__webpack_require__) {
var __webpack_exec__ = function(moduleId) { return __webpack_require__(__webpack_require__.s = moduleId) }
var __webpack_exports__ = (__webpack_exec__("./index.js"));

}
]);
```
