---
source: crates/rspack_error/tests/fixtures.rs
expression: char-based-offset-error-span
---
  × Error[scss]: Sass Error
   ╭─[tests/fixtures/char-based-offset-error-span/index.scss:4:1]
 4 │ .wrong {
 5 │   wrong: $wrong;
   ·          ───┬──
   ·             ╰── Undefined variable.
 6 │ }
   ╰────

