---
source: crates/rspack/tests/fixtures.rs
expression: export_star2
---

// <-- relative path: bar.js -->

export function b() {}

export * from "./foo";
export * from "./result";
// <-- unused-export: --> 
[]
// <-- relative path: foo.js -->

export const a = 3;
export * from "./bar";
export * from "./result";
// <-- unused-export: --> 
[]
// <-- relative path: index.js -->

export * from "./foo";
export * from "./bar";
export * from "./result";
// <-- unused-export: --> 
[]
// <-- relative path: result.js -->

export const c = 103330;

export * from "./foo";
export * from "./bar";
// <-- unused-export: --> 
[]
