---
source: crates/rspack_testing/src/run_fixture.rs
---
```js title=main.js
(self['webpackChunkwebpack'] = self['webpackChunkwebpack'] || []).push([["main"], {
"./index.js": function (__unused_webpack_module, exports, __webpack_require__) {
// var process = {};
var process = __webpack_require__(/* ./process.js */"./process.js");
var name = __webpack_require__(/* ./name.js */"./name.js");
console.log(process.env);
(function(process) {
    console.log(process, process[0], process.env);
})({});
function a() {
    return {
        name
    };
}
},
"./name.js": function (__unused_webpack_module, __webpack_exports__, __webpack_require__) {
'use strict';
__webpack_require__.r(__webpack_exports__);
__webpack_require__.d(__webpack_exports__, {
  'default': function() { return __WEBPACK_DEFAULT_EXPORT__; }
});
const lib = {
    get: ()=>{
        return "my-name";
    }
};
var __WEBPACK_DEFAULT_EXPORT__ = lib;
},
"./process.js": function (module, exports, __webpack_require__) {
// shim for using process in browser
var process = module.exports = {};
// cached from whatever global is present so that test runners that stub it
// don't break things.  But we need to wrap it in a try catch in case it is
// wrapped in strict mode code which doesn't define any globals.  It's inside a
// function because try/catches deoptimize in certain engines.
var cachedSetTimeout;
var cachedClearTimeout;
function defaultSetTimout() {
    throw new Error("setTimeout has not been defined");
}
function defaultClearTimeout() {
    throw new Error("clearTimeout has not been defined");
}
(function() {
    try {
        if (typeof setTimeout === "function") cachedSetTimeout = setTimeout;
        else cachedSetTimeout = defaultSetTimout;
    } catch (e) {
        cachedSetTimeout = defaultSetTimout;
    }
    try {
        if (typeof clearTimeout === "function") cachedClearTimeout = clearTimeout;
        else cachedClearTimeout = defaultClearTimeout;
    } catch (e1) {
        cachedClearTimeout = defaultClearTimeout;
    }
})();
function runTimeout(fun) {
    if (cachedSetTimeout === setTimeout) //normal enviroments in sane situations
    return setTimeout(fun, 0);
    // if setTimeout wasn't available but was latter defined
    if ((cachedSetTimeout === defaultSetTimout || !cachedSetTimeout) && setTimeout) {
        cachedSetTimeout = setTimeout;
        return setTimeout(fun, 0);
    }
    try {
        // when when somebody has screwed with setTimeout but no I.E. maddness
        return cachedSetTimeout(fun, 0);
    } catch (e) {
        try {
            // When we are in I.E. but the script has been evaled so I.E. doesn't trust the global object when called normally
            return cachedSetTimeout.call(null, fun, 0);
        } catch (e) {
            // same as above but when it's a version of I.E. that must have the global object for 'this', hopfully our context correct otherwise it will throw a global error
            return cachedSetTimeout.call(this, fun, 0);
        }
    }
}
function runClearTimeout(marker) {
    if (cachedClearTimeout === clearTimeout) //normal enviroments in sane situations
    return clearTimeout(marker);
    // if clearTimeout wasn't available but was latter defined
    if ((cachedClearTimeout === defaultClearTimeout || !cachedClearTimeout) && clearTimeout) {
        cachedClearTimeout = clearTimeout;
        return clearTimeout(marker);
    }
    try {
        // when when somebody has screwed with setTimeout but no I.E. maddness
        return cachedClearTimeout(marker);
    } catch (e) {
        try {
            // When we are in I.E. but the script has been evaled so I.E. doesn't  trust the global object when called normally
            return cachedClearTimeout.call(null, marker);
        } catch (e) {
            // same as above but when it's a version of I.E. that must have the global object for 'this', hopfully our context correct otherwise it will throw a global error.
            // Some versions of I.E. have different rules for clearTimeout vs setTimeout
            return cachedClearTimeout.call(this, marker);
        }
    }
}
var queue = [];
var draining = false;
var currentQueue;
var queueIndex = -1;
function cleanUpNextTick() {
    if (!draining || !currentQueue) return;
    draining = false;
    if (currentQueue.length) queue = currentQueue.concat(queue);
    else queueIndex = -1;
    if (queue.length) drainQueue();
}
function drainQueue() {
    if (draining) return;
    var timeout = runTimeout(cleanUpNextTick);
    draining = true;
    var len = queue.length;
    while(len){
        currentQueue = queue;
        queue = [];
        while(++queueIndex < len)if (currentQueue) currentQueue[queueIndex].run();
        queueIndex = -1;
        len = queue.length;
    }
    currentQueue = null;
    draining = false;
    runClearTimeout(timeout);
}
process.nextTick = function(fun) {
    var args = new Array(arguments.length - 1);
    if (arguments.length > 1) for(var i = 1; i < arguments.length; i++)args[i - 1] = arguments[i];
    queue.push(new Item(fun, args));
    if (queue.length === 1 && !draining) runTimeout(drainQueue);
};
// v8 likes predictible objects
function Item(fun, array) {
    this.fun = fun;
    this.array = array;
}
Item.prototype.run = function() {
    this.fun.apply(null, this.array);
};
process.title = "browser";
process.browser = true;
process.env = {};
process.argv = [];
process.version = ""; // empty string to avoid regexp issues
process.versions = {};
function noop() {}
process.on = noop;
process.addListener = noop;
process.once = noop;
process.off = noop;
process.removeListener = noop;
process.removeAllListeners = noop;
process.emit = noop;
process.prependListener = noop;
process.prependOnceListener = noop;
process.listeners = function(name) {
    return [];
};
process.binding = function(name) {
    throw new Error("process.binding is not supported");
};
process.cwd = function() {
    return "/";
};
process.chdir = function(dir) {
    throw new Error("process.chdir is not supported");
};
process.umask = function() {
    return 0;
};
},

},function(__webpack_require__) {
var __webpack_exec__ = function(moduleId) { return __webpack_require__(__webpack_require__.s = moduleId) }
var __webpack_exports__ = (__webpack_exec__("./index.js"));

}
]);
```
```js title=runtime.js
(function() {
var __webpack_modules__ = {

}
// The module cache
 var __webpack_module_cache__ = {};
function __webpack_require__(moduleId) {
// Check if module is in cache
        var cachedModule = __webpack_module_cache__[moduleId];
        if (cachedModule !== undefined) {
      return cachedModule.exports;
      }
      // Create a new module (and put it into the cache)
      var module = (__webpack_module_cache__[moduleId] = {
       exports: {}
      });
      // Execute the module function
      __webpack_modules__[moduleId](module, module.exports, __webpack_require__);
// Return the exports of the module
 return module.exports;

}
// expose the modules object (__webpack_modules__)
 __webpack_require__.m = __webpack_modules__;
// webpack/runtime/has_own_property
(function() {
__webpack_require__.o = function (obj, prop) {
	return Object.prototype.hasOwnProperty.call(obj, prop);
};

})();
// webpack/runtime/on_chunk_loaded
(function() {
var deferred = [];
__webpack_require__.O = function (result, chunkIds, fn, priority) {
	if (chunkIds) {
		priority = priority || 0;
		for (var i = deferred.length; i > 0 && deferred[i - 1][2] > priority; i--)
			deferred[i] = deferred[i - 1];
		deferred[i] = [chunkIds, fn, priority];
		return;
	}
	var notFulfilled = Infinity;
	for (var i = 0; i < deferred.length; i++) {
		var chunkIds = deferred[i][0],
			fn = deferred[i][1],
			priority = deferred[i][2];
		var fulfilled = true;
		for (var j = 0; j < chunkIds.length; j++) {
			if (
				(priority & (1 === 0) || notFulfilled >= priority) &&
				Object.keys(__webpack_require__.O).every(function (key) {
					return __webpack_require__.O[key](chunkIds[j]);
				})
			) {
				chunkIds.splice(j--, 1);
			} else {
				fulfilled = false;
				if (priority < notFulfilled) notFulfilled = priority;
			}
		}
		if (fulfilled) {
			deferred.splice(i--, 1);
			var r = fn();
			if (r !== undefined) result = r;
		}
	}
	return result;
};

})();
// webpack/runtime/define_property_getters
(function() {
__webpack_require__.d = function(exports, definition) {
	for(var key in definition) {
        if(__webpack_require__.o(definition, key) && !__webpack_require__.o(exports, key)) {
            Object.defineProperty(exports, key, { enumerable: true, get: definition[key] });
        }
    }
};
})();
// webpack/runtime/make_namespace_object
(function() {
// define __esModule on exports
__webpack_require__.r = function(exports) {
	if(typeof Symbol !== 'undefined' && Symbol.toStringTag) {
		Object.defineProperty(exports, Symbol.toStringTag, { value: 'Module' });
	}
	Object.defineProperty(exports, '__esModule', { value: true });
};

})();
// webpack/runtime/jsonp_chunk_loading
(function() {
var installedChunks = {"runtime": 0,};
__webpack_require__.O.j = function (chunkId) {
	return installedChunks[chunkId] === 0;
};
// install a JSONP callback for chunk loading
var webpackJsonpCallback = function (parentChunkLoadingFunction, data) {
	var chunkIds = data[0],
	moreModules = data[1],
	runtime = data[2];
	// add "moreModules" to the modules object,
	// then flag all "chunkIds" as loaded and fire callback
	var moduleId,
		chunkId,
		i = 0;
	if (chunkIds.some(function(id) { return installedChunks[id] !== 0 })) {
		for (moduleId in moreModules) {
			if (__webpack_require__.o(moreModules, moduleId)) {
				__webpack_require__.m[moduleId] = moreModules[moduleId];
			}
		}
		if (runtime) var result = runtime(__webpack_require__);
	}
	if (parentChunkLoadingFunction) parentChunkLoadingFunction(data);
	for (; i < chunkIds.length; i++) {
		chunkId = chunkIds[i];
		if (
			__webpack_require__.o(installedChunks, chunkId) &&
			installedChunks[chunkId]
		) {
			installedChunks[chunkId][0]();
		}
		installedChunks[chunkId] = 0;
	}
	return __webpack_require__.O(result);
};

var chunkLoadingGlobal = self['webpackChunkwebpack'] = self['webpackChunkwebpack'] || [];
chunkLoadingGlobal.forEach(webpackJsonpCallback.bind(null, 0));
chunkLoadingGlobal.push = webpackJsonpCallback.bind(
	null,
	chunkLoadingGlobal.push.bind(chunkLoadingGlobal)
);

})();

})()

```
