---
source: crates/rspack_plugin_css/src/pxtorem/tests/mod.rs
assertion_line: 29
expression: should_not_add_properties_that_already_exist.css
---
# Input
.rule { font-size: 16px; font-size: 1rem; }

# Expected
.rule { font-size: 16px; font-size: 1rem; }


# Actual
.rule {
  font-size: 16px;
  font-size: 1rem;
}

