---
source: crates/rspack_plugin_css/src/pxtorem/tests/mod.rs
expression: should_handle_values_and_values_without_a_leading_0.css
---
# Input
.rule { margin: 0.5rem .5px -0.2px -.2em }

# Expected
.rule { margin: 0.5rem 0.03125rem -0.0125rem -.2em }


# Actual
.rule {
  margin: 0.5rem 0.03125rem -0.0125rem -.2em;
}

