---
source: crates/rspack_plugin_css/src/pxtorem/tests/mod.rs
assertion_line: 27
expression: snapshot_result
---
# Input
.rule { font-size: 16px; margin: 16px; margin-left: 5px; padding: 5px; padding-right: 16px }

# Expected

# Actual
.rule {
  font-size: 1rem;
  margin: 1rem;
  margin-left: 5px;
  padding: 5px;
  padding-right: 1rem;
}

