---
source: crates/rspack_plugin_css/src/pxtorem/tests/mod.rs
assertion_line: 29
expression: should_not_replace_values_with_an_uppercase_P_or_X.css
---
# Input
.rule { margin: 12px calc(100% - 14PX); height: calc(100% - 20px); font-size: 12Px; line-height: 16px; }

# Expected
.rule { margin: 0.75rem calc(100% - 14PX); height: calc(100% - 1.25rem); font-size: 12Px; line-height: 1rem; }


# Actual
.rule {
  margin: 0.75rem calc(100% - 14PX);
  height: calc(100% - 1.25rem);
  font-size: 12Px;
  line-height: 1rem;
}

