---
source: crates/rspack_plugin_css/src/pxtorem/tests/mod.rs
assertion_line: 29
expression: should_replace_px_in_media_queries.css
---
# Input
@media (min-width: 500px) { .rule { font-size: 16px } }

# Expected
@media (min-width: 31.25rem) { .rule { font-size: 1rem } }


# Actual
@media (min-width: 31.25rem) {
  .rule {
    font-size: 1rem;
  }
}