---
source: crates/rspack_plugin_css/src/pxtorem/tests/mod.rs
expression: should_not_replace_values_below_minPixelValue.css
---
# Input
.rule { border: 1px solid #000; font-size: 16px; margin: 1px 10px; }

# Expected
.rule { border: 1px solid #000; font-size: 1rem; margin: 1px 0.625rem; }


# Actual
.rule {
  border: 1px solid #000;
  font-size: 1rem;
  margin: 1px 0.625rem;
}

