---
source: crates/rspack_plugin_css/src/pxtorem/tests/mod.rs
expression: should_not_replace_values_in_double_quotes_or_single_quotes.css
---
# Input
.rule { content: '16px'; font-family: "16px"; font-size: 16px; }

# Expected
.rule { content: '16px'; font-family: "16px"; font-size: 1rem; }


# Actual
.rule {
  content: '16px';
  font-family: "16px";
  font-size: 1rem;
}

