---
source: crates/rspack_plugin_css/src/pxtorem/tests/mod.rs
assertion_line: 29
expression: should_replace_0px_to_0_(preserved-token).css
---
# Input
.translate-x-0 {
  --tw-translate-x: 0px;
}

# Expected
.translate-x-0 {
  --tw-translate-x: 0;
}
# Actual
.translate-x-0 {
  --tw-translate-x: 0;
}

