---
source: crates/rspack_plugin_css/src/pxtorem/tests/mod.rs
assertion_line: 29
expression: should_ignore_selectors_in_the_selector_black_list.css
---
# Input
.rule { font-size: 15px } .rule2 { font-size: 15px }

# Expected
.rule { font-size: 0.9375rem } .rule2 { font-size: 15px }


# Actual
.rule {
  font-size: 0.9375rem;
}
.rule2 {
  font-size: 15px;
}

