---
source: crates/rspack_plugin_css/src/pxtorem/tests/mod.rs
assertion_line: 29
expression: "should_not_replace_values_in_`url()`.css"
---
# Input
.rule { background: url(16px.jpg); font-size: 16px; }

# Expected
.rule { background: url(16px.jpg); font-size: 1rem; }


# Actual
.rule {
  background: url(16px.jpg);
  font-size: 1rem;
}

