---
source: crates/rspack_testing/src/run_fixture.rs
---
```js title=main.js
(self['webpackChunkwebpack'] = self['webpackChunkwebpack'] || []).push([["main"], {
"../../../../../node_modules/@swc/helpers/esm/_async_to_generator.js": (function (__unused_webpack_module, __webpack_exports__, __webpack_require__) {
"use strict";
__webpack_require__.r(__webpack_exports__);
__webpack_require__.d(__webpack_exports__, {
  _: function() { return _async_to_generator; }
});
function asyncGeneratorStep(gen, resolve, reject, _next, _throw, key, arg) {
    try {
        var info = gen[key](arg);
        var value = info.value;
    } catch (error) {
        reject(error);
        return;
    }
    if (info.done) resolve(value);
    else Promise.resolve(value).then(_next, _throw);
}
 function _async_to_generator(fn) {
    return function() {
        var self = this, args = arguments;
        return new Promise(function(resolve, reject) {
            var gen = fn.apply(self, args);
            function _next(value) {
                asyncGeneratorStep(gen, resolve, reject, _next, _throw, "next", value);
            }
            function _throw(err) {
                asyncGeneratorStep(gen, resolve, reject, _next, _throw, "throw", err);
            }
            _next(undefined);
        });
    };
}

}),
"../../../../../node_modules/@swc/helpers/esm/_ts_generator.js": (function (__unused_webpack_module, __webpack_exports__, __webpack_require__) {
"use strict";
__webpack_require__.r(__webpack_exports__);

}),
"./index.ts": (function (__unused_webpack_module, __webpack_exports__, __webpack_require__) {
"use strict";
__webpack_require__.r(__webpack_exports__);
/* harmony import */var _swc_helpers_async_to_generator__WEBPACK_IMPORTED_MODULE_0__ = __webpack_require__(/* @swc/helpers/_/_async_to_generator */"../../../../../node_modules/@swc/helpers/esm/_async_to_generator.js");
/* harmony import */var _swc_helpers_ts_generator__WEBPACK_IMPORTED_MODULE_1__ = __webpack_require__(/* @swc/helpers/_/_ts_generator */"../../../../../node_modules/@swc/helpers/esm/_ts_generator.js");


 function test() {
    return _test.apply(this, arguments);
}
function _test() {
    _test = (0, _swc_helpers_async_to_generator__WEBPACK_IMPORTED_MODULE_0__._)(function() {
        return (0, _swc_helpers_ts_generator__WEBPACK_IMPORTED_MODULE_1__._)(this, function(_state) {
            return [
                2
            ];
        });
    });
    return _test.apply(this, arguments);
}
test();
}),

},function(__webpack_require__) {
var __webpack_exec__ = function(moduleId) { return __webpack_require__(__webpack_require__.s = moduleId) }
var __webpack_exports__ = (__webpack_exec__("./index.ts"));

}
]);
```
