---
source: crates/rspack_testing/src/run_fixture.rs
assertion_line: 101
---
```css title=c_css.css


.shared {
  border: 1px solid red;
}


```

```css title=main.css
.shared {
  color: green;
  background-color: green;
  border: 1px solid green;
}



.shared {
  color: red;
}



.shared {
  background-color: red;
}


```

```js title=c_css.js
(self['webpackChunkwebpack'] = self['webpackChunkwebpack'] || []).push([["c_css"], {
"./c.css": function (module, exports, __webpack_require__) {
},

}]);
```

```js title=main.js
(self['webpackChunkwebpack'] = self['webpackChunkwebpack'] || []).push([["main"], {
"./index.js": function (__unused_webpack_module, __webpack_exports__, __webpack_require__) {
'use strict';
__webpack_require__.r(__webpack_exports__);
/* harmony import */var _a_css__WEBPACK_IMPORTED_MODULE_0_ = __webpack_require__(/* ./a.css */"./a.css");
/* harmony import */var _b_css__WEBPACK_IMPORTED_MODULE_1_ = __webpack_require__(/* ./b.css */"./b.css");


/* eslint-disable-next-line no-unused-expressions */ __webpack_require__.el(/* ./c.css */"./c.css").then(__webpack_require__.t.bind(__webpack_require__, /* ./c.css */"./c.css", 17));
},
"./a.css": function (module, exports, __webpack_require__) {
},
"./b.css": function (module, exports, __webpack_require__) {
},
"./shared.css": function (module, exports, __webpack_require__) {
},

},function(__webpack_require__) {
var __webpack_exec__ = function(moduleId) { return __webpack_require__(__webpack_require__.s = moduleId) }
var __webpack_exports__ = (__webpack_exec__("./index.js"));

}
]);
```
