---
source: crates/rspack_testing/src/run_fixture.rs
---
```css title=main.css
.ae {
  background: green;
}

.aa {
  background: green;
}

.ab {
  background: green;
}

.ac {
  background: green;
}

.ad {
  background: green;
}







body {
  background: red;
}

.ba {
  background: green;
}

.bb {
  background: green;
}




body {
  background: yellow;
}


```
