---
source: crates/rspack_error/tests/fixtures.rs
expression: jsx_syntax_error
---
ModuleParseError

  × Module parse failed:
  ╰─▶   × JSX parsing error
         ╭────
       1 │ let a = <test>/test>;
         ·                    ▲
         ·                    ╰── Unexpected token. Did you mean `{'>'}` or `&gt;`?
         ╰────
      
  help: 
        You may need an appropriate loader to handle this file type.
ModuleParseError

  × Module parse failed:
  ╰─▶   × JSX parsing error
         ╭────
       1 │ let a = <test>/test>;
         · ▲
         · ╰── Unexpected eof
         ╰────
      
  help: 
        You may need an appropriate loader to handle this file type.

