---
source: crates/rspack_error/tests/fixtures.rs
expression: jsx_syntax_error
---
  × Error[jsx]: JSX parsing error
   ╭─[tests/fixtures/jsx_syntax_error/index.jsx:1:1]
 1 │ let a = <test>/test>;
   ·                    ▲
   ·                    ╰── Unexpected token. Did you mean `{'>'}` or `&gt;`?
   ╰────
  × Error[jsx]: JSX parsing error
   ╭─[tests/fixtures/jsx_syntax_error/index.jsx:1:1]
 1 │ let a = <test>/test>;
   ╰────

