---
source: crates/rspack_testing/src/run_fixture.rs
assertion_line: 146
---
```js title=main.js
(self['webpackChunkwebpack'] = self['webpackChunkwebpack'] || []).push([["main"], {
"./index.js": (function (__unused_webpack_module, exports, __webpack_require__) {
class a {
}
function A() {
    return /*#__PURE__*/ React.createElement("div", null, "123");
}
}),

},function(__webpack_require__) {
var __webpack_exec__ = function(moduleId) { return __webpack_require__(__webpack_require__.s = moduleId) }
var __webpack_exports__ = (__webpack_exec__("./index.js"));

}
]);
//# sourceMappingURL=data:application/json;charset=utf-8;base64,eyJ2ZXJzaW9uIjozLCJmaWxlIjoibWFpbi5qcyIsInNvdXJjZXMiOlsid2VicGFjazovL19fcnNwYWNrX3Rlc3RfXy8uL2luZGV4LmpzIl0sInNvdXJjZXNDb250ZW50IjpbImNsYXNzIGEge31cblxuZnVuY3Rpb24gQSgpe1xuXHRyZXR1cm4gPGRpdj4xMjM8L2Rpdj5cbn1cbiJdLCJuYW1lcyI6W10sIm1hcHBpbmdzIjoiOztBQUFBLE1BQU07QUFBRztBQUVULFNBQVM7SUFDUixxQkFBTyxvQkFBQyxhQUFJO0FBQ2IifQ==
```
