---
source: crates/rspack_testing/src/run_fixture.rs
---
```js title=main.js
(self['webpackChunkwebpack'] = self['webpackChunkwebpack'] || []).push([["main"], {
"./a.js": (function (__unused_webpack_module, __webpack_exports__, __webpack_require__) {
"use strict";
__webpack_require__.r(__webpack_exports__);
__webpack_require__.d(__webpack_exports__, {
  test: function() { return test; }
});
/* harmony import */var _answer__WEBPACK_IMPORTED_MODULE_0__ = __webpack_require__(/*! ./answer */"./answer.js");

function test() {
    /** harmony_import_dependency*/_answer__WEBPACK_IMPORTED_MODULE_0__["default"];
}
}),
"./answer.js": (function (__unused_webpack_module, __webpack_exports__, __webpack_require__) {
"use strict";
__webpack_require__.r(__webpack_exports__);
__webpack_require__.d(__webpack_exports__, {
  "default": function() { return /* export default binding */ __WEBPACK_DEFAULT_EXPORT__; }
});
const answer = 103330;
/* harmony default export */ function __WEBPACK_DEFAULT_EXPORT__() {}
}),
"./app.js": (function (__unused_webpack_module, __webpack_exports__, __webpack_require__) {
"use strict";
__webpack_require__.r(__webpack_exports__);
/* harmony default export */ __webpack_exports__["default"] = (10000);
}),
"./index.js": (function (__unused_webpack_module, __webpack_exports__, __webpack_require__) {
"use strict";
__webpack_require__.r(__webpack_exports__);
/* harmony import */var _lib__WEBPACK_IMPORTED_MODULE_0__ = __webpack_require__(/*! ./lib */"./lib.js");
/* harmony import */var _a_js__WEBPACK_IMPORTED_MODULE_1__ = __webpack_require__(/*! ./a.js */"./a.js");


/** harmony_import_dependency*/_a_js__WEBPACK_IMPORTED_MODULE_1__.test;
/** harmony_import_dependency*/_lib__WEBPACK_IMPORTED_MODULE_0__.result;
/** harmony_import_dependency*/_lib__WEBPACK_IMPORTED_MODULE_0__.a;
}),
"./lib.js": (function (__unused_webpack_module, __webpack_exports__, __webpack_require__) {
"use strict";
__webpack_require__.r(__webpack_exports__);
__webpack_require__.d(__webpack_exports__, {
  a: function() { return a; },
  result: function() { return _app__WEBPACK_IMPORTED_MODULE_1__["default"]; }
});
/* harmony import */var _answer__WEBPACK_IMPORTED_MODULE_0__ = __webpack_require__(/*! ./answer */"./answer.js");
/* harmony import */var _app__WEBPACK_IMPORTED_MODULE_1__ = __webpack_require__(/*! ./app */"./app.js");


/* unused harmony default export */ var __WEBPACK_DEFAULT_EXPORT__ = (/* "./answer" unused */null);
const a = 100;
/** harmony_import_dependency*/(0, _answer__WEBPACK_IMPORTED_MODULE_0__["default"])();
}),

},function(__webpack_require__) {
var __webpack_exec__ = function(moduleId) { return __webpack_require__(__webpack_require__.s = moduleId) }
var __webpack_exports__ = (__webpack_exec__("./index.js"));

}
]);
```
