---
source: crates/rspack_testing/src/run_fixture.rs
---
```js title=main.js
(self['webpackChunkwebpack'] = self['webpackChunkwebpack'] || []).push([["main"], {
"./index.js": function (__unused_webpack_module, __webpack_exports__, __webpack_require__) {
'use strict';
__webpack_require__.r(__webpack_exports__);
/* harmony import */var _images_file_svg__WEBPACK_IMPORTED_MODULE_0_ = __webpack_require__(/* ./images/file.svg */"./images/file.svg");

const container = document.createElement("div");
Object.assign(container.style, {
    display: "flex",
    justifyContent: "center"
});
document.body.appendChild(container);
function createImageElement(title, src) {
    const div = document.createElement("div");
    div.style.textAlign = "center";
    const h2 = document.createElement("h2");
    h2.textContent = title;
    div.appendChild(h2);
    const img = document.createElement("img");
    img.setAttribute("src", src);
    img.setAttribute("width", "150");
    div.appendChild(img);
    container.appendChild(div);
}
[
    _images_file_svg__WEBPACK_IMPORTED_MODULE_0_
].forEach((src)=>{
    createImageElement(src.split(".").pop(), src);
});
},
"./images/file.svg": function (module, exports, __webpack_require__) {
module.exports = "data:image/svg+xml;base64,PHN2ZyB4bWxucz0iaHR0cDovL3d3dy53My5vcmcvMjAwMC9zdmciIHZpZXdCb3g9IjAgMCA2MDAgNjAwIj48dGl0bGU+aWNvbi1zcXVhcmUtc21hbGw8L3RpdGxlPjxwYXRoIGZpbGw9IiNGRkYiIGQ9Ik0zMDAgLjFMNTY1IDE1MHYyOTkuOUwzMDAgNTk5LjggMzUgNDQ5LjlWMTUweiIvPjxwYXRoIGZpbGw9IiM4RUQ2RkIiIGQ9Ik01MTcuNyA0MzkuNUwzMDguOCA1NTcuOHYtOTJMNDM5IDM5NC4xbDc4LjcgNDUuNHptMTQuMy0xMi45VjE3OS40bC03Ni40IDQ0LjF2MTU5bDc2LjQgNDQuMXpNODEuNSA0MzkuNWwyMDguOSAxMTguMnYtOTJsLTEzMC4yLTcxLjYtNzguNyA0NS40em0tMTQuMy0xMi45VjE3OS40bDc2LjQgNDQuMXYxNTlsLTc2LjQgNDQuMXptOC45LTI2My4yTDI5MC40IDQyLjJ2ODlsLTEzNy4zIDc1LjUtMS4xLjYtNzUuOS00My45em00NDYuOSAwTDMwOC44IDQyLjJ2ODlMNDQ2IDIwNi44bDEuMS42IDc1LjktNDR6Ii8+PHBhdGggZmlsbD0iIzFDNzhDMCIgZD0iTTI5MC40IDQ0NC44TDE2MiAzNzQuMVYyMzQuMmwxMjguNCA3NC4xdjEzNi41em0xOC40IDBsMTI4LjQtNzAuNnYtMTQwbC0xMjguNCA3NC4xdjEzNi41ek0yOTkuNiAzMDN6bS0xMjktODVsMTI5LTcwLjlMNDI4LjUgMjE4bC0xMjguOSA3NC40LTEyOS03NC40eiIvPjwvc3ZnPgo=";},

},function(__webpack_require__) {
var __webpack_exec__ = function(moduleId) { return __webpack_require__(__webpack_require__.s = moduleId) }
var __webpack_exports__ = (__webpack_exec__("./index.js"));

}
]);
```
```js title=runtime.js
(function() {
var __webpack_modules__ = {

}
// The module cache
 var __webpack_module_cache__ = {};
function __webpack_require__(moduleId) {
// Check if module is in cache
        var cachedModule = __webpack_module_cache__[moduleId];
        if (cachedModule !== undefined) {
      return cachedModule.exports;
      }
      // Create a new module (and put it into the cache)
      var module = (__webpack_module_cache__[moduleId] = {
       exports: {}
      });
      // Execute the module function
      __webpack_modules__[moduleId](module, module.exports, __webpack_require__);
// Return the exports of the module
 return module.exports;

}
// expose the modules object (__webpack_modules__)
 __webpack_require__.m = __webpack_modules__;
// webpack/runtime/has_own_property
(function() {
__webpack_require__.o = function (obj, prop) {
	return Object.prototype.hasOwnProperty.call(obj, prop);
};

})();
// webpack/runtime/on_chunk_loaded
(function() {
var deferred = [];
__webpack_require__.O = function (result, chunkIds, fn, priority) {
	if (chunkIds) {
		priority = priority || 0;
		for (var i = deferred.length; i > 0 && deferred[i - 1][2] > priority; i--)
			deferred[i] = deferred[i - 1];
		deferred[i] = [chunkIds, fn, priority];
		return;
	}
	var notFulfilled = Infinity;
	for (var i = 0; i < deferred.length; i++) {
		var chunkIds = deferred[i][0],
			fn = deferred[i][1],
			priority = deferred[i][2];
		var fulfilled = true;
		for (var j = 0; j < chunkIds.length; j++) {
			if (
				(priority & (1 === 0) || notFulfilled >= priority) &&
				Object.keys(__webpack_require__.O).every(function (key) {
					return __webpack_require__.O[key](chunkIds[j]);
				})
			) {
				chunkIds.splice(j--, 1);
			} else {
				fulfilled = false;
				if (priority < notFulfilled) notFulfilled = priority;
			}
		}
		if (fulfilled) {
			deferred.splice(i--, 1);
			var r = fn();
			if (r !== undefined) result = r;
		}
	}
	return result;
};

})();
// webpack/runtime/make_namespace_object
(function() {
// define __esModule on exports
__webpack_require__.r = function(exports) {
	if(typeof Symbol !== 'undefined' && Symbol.toStringTag) {
		Object.defineProperty(exports, Symbol.toStringTag, { value: 'Module' });
	}
	Object.defineProperty(exports, '__esModule', { value: true });
};

})();
// webpack/runtime/jsonp_chunk_loading
(function() {
var installedChunks = {"runtime": 0,};
__webpack_require__.O.j = function (chunkId) {
	return installedChunks[chunkId] === 0;
};
// install a JSONP callback for chunk loading
var webpackJsonpCallback = function (parentChunkLoadingFunction, data) {
	var chunkIds = data[0],
	moreModules = data[1],
	runtime = data[2];
	// add "moreModules" to the modules object,
	// then flag all "chunkIds" as loaded and fire callback
	var moduleId,
		chunkId,
		i = 0;
	if (chunkIds.some(function(id) { return installedChunks[id] !== 0 })) {
		for (moduleId in moreModules) {
			if (__webpack_require__.o(moreModules, moduleId)) {
				__webpack_require__.m[moduleId] = moreModules[moduleId];
			}
		}
		if (runtime) var result = runtime(__webpack_require__);
	}
	if (parentChunkLoadingFunction) parentChunkLoadingFunction(data);
	for (; i < chunkIds.length; i++) {
		chunkId = chunkIds[i];
		if (
			__webpack_require__.o(installedChunks, chunkId) &&
			installedChunks[chunkId]
		) {
			installedChunks[chunkId][0]();
		}
		installedChunks[chunkId] = 0;
	}
	return __webpack_require__.O(result);
};

var chunkLoadingGlobal = self['webpackChunkwebpack'] = self['webpackChunkwebpack'] || [];
chunkLoadingGlobal.forEach(webpackJsonpCallback.bind(null, 0));
chunkLoadingGlobal.push = webpackJsonpCallback.bind(
	null,
	chunkLoadingGlobal.push.bind(chunkLoadingGlobal)
);

})();

})()

```
