---
source: crates/rspack_testing/src/run_fixture.rs
assertion_line: 104
---
```css title=main.css
.color-red {
    color: red;
}
@charset "UTF-8";

body {
  font: 100% Helvetica, sans-serif;
  color: #333;
}

nav ul {
  margin: 0;
  padding: 0;
  list-style: none;
}
nav li {
  display: inline-block;
}
nav a {
  display: block;
  padding: 6px 12px;
  text-decoration: none;
}

.box {
  -webkit-border-radius: 10px;
  -moz-border-radius: 10px;
  -ms-border-radius: 10px;
  border-radius: 10px;
}

.foo:before {
  content: "\e0c6";
}

.bar:before {
  content: "∑";
}

```

```js title=main.js
(self['webpackChunkwebpack'] = self['webpackChunkwebpack'] || []).push([["main"], {
"./index.js": function (__unused_webpack_module, __webpack_exports__, __webpack_require__) {
'use strict';
__webpack_require__.r(__webpack_exports__);
/* harmony import */var _scss_language_scss__WEBPACK_IMPORTED_MODULE_0_ = __webpack_require__(/* ../../scss/language.scss */"../../scss/language.scss");

},
"../../scss/file.css": function (module, exports, __webpack_require__) {
},
"../../scss/language.scss": function (module, exports, __webpack_require__) {
},

},function(__webpack_require__) {
var __webpack_exec__ = function(moduleId) { return __webpack_require__(__webpack_require__.s = moduleId) }
var __webpack_exports__ = (__webpack_exec__("./index.js"));

}
]);
```
