---
source: crates/rspack/tests/fixtures.rs
expression: default_export
---

// <-- relative path: answer.js -->

export const answer = 103330;
// export default answer;
// <-- unused-export: --> 
[]
// <-- relative path: app.js -->

import { myanswer, secret } from "./lib";

export function render() {
	function test() {
		const container = document.getElementById("root");
		container.innerHTML = `adddd333:${secret}:${myanswer}`;
	}
}

export default function result() {}
// <-- unused-export: --> 
[]
// <-- relative path: index.js -->

import app, { render } from "./app";

render(app);
// <-- unused-export: --> 
[]
// <-- relative path: lib.js -->

import { answer } from "./answer";
export const secret = "888";
export const myanswer = answer,
	result = 20000;
// <-- unused-export: --> 
[
    "result",
]
