---
source: crates/rspack_testing/src/run_fixture.rs
assertion_line: 101
---
```css title=main.css
._d-module__d-1---__c54e45bb853e1f4b-c54 {
  color: green;
}
._d-module__d---___34b192ed7623f91e-_34 {}
._f-module__f-1---___85bca5b4a297a364-_85 {
  color: black;
}
._f-module__f---___141af47168767e48-_14 {}
._b-module__b-1---___1d9724eea6aa131c-_1d {
  color: red;
}
._b-module__b---__c156016816e95195-c15 {}
._style-module__chain2---___980d4cb026fb8411-_98 {
  background: blue;
}
._style-module__chain1---___3a2c0a3269e6f63c-_3a {
  background: green;
}
._style-module__root-class---__aae4264cfe73c127-aae {
  background: red;
}

```
