---
source: crates/rspack_testing/src/run_fixture.rs
---
```html title=output.html
<!DOCTYPE html>
<html>
<head>
  <meta charset="UTF-8" />
  <title>Rspack App</title>
<script src="/runtime.js" crossorigin="anonymous" integrity="sha512-iz+xdXwLYGEt0P1aFzB0YpFoBxqrLubbJC8nCmMUE9H8PleLLvJqOFdoYeghr+aCSNy2eFXJp3QrxoPre7Z41Q=="></script><script src="/index.js" crossorigin="anonymous" integrity="sha512-baDk5+edRoYRNv2TDByrkGtG7n25jmlhrNtV68/1uFzdCp/sb9LUzjmdorihIjMS1ORRQEZiNe8geHOKif3qkg=="></script><link href="/index.css" rel="stylesheet" crossorigin="anonymous" integrity="sha512-vjhejkvTX8D8jzzC5Lc9ToCtcEDb0/NqtYmEHOid+ycq64hvW+JTG7Dw/ACFP6rApgiYwVMbEt6Zfb8j4EoZTA==" /></head>

<body>



</body></html>
```
