---
source: crates/rspack_error/tests/fixtures.rs
assertion_line: 29
expression: js_syntax_error
---
error: JavaScript parsing error
  ┌─ tests/fixtures/js_syntax_error/index.js:2:8
  │
2 │ const  D {
  │        ^ 'const' declarations must be initialized

error: JavaScript parsing error
  ┌─ tests/fixtures/js_syntax_error/index.js:2:10
  │
2 │ const  D {
  │          ^ Expected a semicolon


