---
source: crates/rspack_error/tests/fixtures.rs
expression: js_syntax_error
---
  × Error[javascript]: JavaScript parsing error
   ╭─[tests/fixtures/js_syntax_error/index.js:1:1]
 1 │ const CONST = 9000 % 2;
 2 │ const  D {
   ·          ┬
   ·          ╰── Expected a semicolon
 3 │     // Comma is required, but parser can recover because of the newline.
   ╰────
  × Error[javascript]: JavaScript parsing error
   ╭─[tests/fixtures/js_syntax_error/index.js:5:1]
 5 │     g = CONST
 6 │ }
   · ┬
   · ╰── Expression expected
   ╰────

