---
source: crates/rspack_testing/src/run_fixture.rs
---
```js title=main.js
(self['webpackChunkwebpack'] = self['webpackChunkwebpack'] || []).push([["main"], {
"./index.js": function (__unused_webpack_module, exports, __webpack_require__) {
__webpack_require__(/* ./source */"./source/index.js");
console.log('something');
},
"./source/index.js": function (module, exports, __webpack_require__) {
var _class_call_check = __webpack_require__(/* @swc/helpers/_/_class_call_check */"../../../../../node_modules/@swc/helpers/esm/_class_call_check.js");
var _create_class = __webpack_require__(/* @swc/helpers/_/_create_class */"../../../../../node_modules/@swc/helpers/esm/_create_class.js");
var test = function test() {
    var res = new Response();
    return res;
};
var Response = function() {
    "use strict";
    function Response(mode) {
        _class_call_check._(this, Response);
        // eslint-disable-next-line no-undefined
        if (mode.data === undefined) mode.data = {};
        this.data = mode.data;
        this.isMatchIgnored = false;
    }
    _create_class._(Response, [
        {
            key: "ignoreMatch",
            value: function ignoreMatch() {
                this.isMatchIgnored = true;
            }
        }
    ]);
    return Response;
}();
var result = test();
module.exports = result;
},
"../../../../../node_modules/@swc/helpers/esm/_class_call_check.js": function (__unused_webpack_module, __webpack_exports__, __webpack_require__) {
'use strict';
__webpack_require__.r(__webpack_exports__);
__webpack_require__.d(__webpack_exports__, {
  '_class_call_check': function() { return _class_call_check; },
  '_': function() { return _class_call_check; }
});
 function _class_call_check(instance, Constructor) {
    if (!(instance instanceof Constructor)) throw new TypeError("Cannot call a class as a function");
}

},
"../../../../../node_modules/@swc/helpers/esm/_create_class.js": function (__unused_webpack_module, __webpack_exports__, __webpack_require__) {
'use strict';
__webpack_require__.r(__webpack_exports__);
__webpack_require__.d(__webpack_exports__, {
  '_create_class': function() { return _create_class; },
  '_': function() { return _create_class; }
});
function _defineProperties(target, props) {
    for(var i = 0; i < props.length; i++){
        var descriptor = props[i];
        descriptor.enumerable = descriptor.enumerable || false;
        descriptor.configurable = true;
        if ("value" in descriptor) descriptor.writable = true;
        Object.defineProperty(target, descriptor.key, descriptor);
    }
}
 function _create_class(Constructor, protoProps, staticProps) {
    if (protoProps) _defineProperties(Constructor.prototype, protoProps);
    if (staticProps) _defineProperties(Constructor, staticProps);
    return Constructor;
}

},

},function(__webpack_require__) {
var __webpack_exec__ = function(moduleId) { return __webpack_require__(__webpack_require__.s = moduleId) }
var __webpack_exports__ = (__webpack_exec__("./index.js"));

}
]);
```
```js title=runtime.js
(function() {
var __webpack_modules__ = {

}
// The module cache
 var __webpack_module_cache__ = {};
function __webpack_require__(moduleId) {
// Check if module is in cache
        var cachedModule = __webpack_module_cache__[moduleId];
        if (cachedModule !== undefined) {
      return cachedModule.exports;
      }
      // Create a new module (and put it into the cache)
      var module = (__webpack_module_cache__[moduleId] = {
       exports: {}
      });
      // Execute the module function
      __webpack_modules__[moduleId](module, module.exports, __webpack_require__);
// Return the exports of the module
 return module.exports;

}
// expose the modules object (__webpack_modules__)
 __webpack_require__.m = __webpack_modules__;
// webpack/runtime/has_own_property
(function() {
__webpack_require__.o = function (obj, prop) {
	return Object.prototype.hasOwnProperty.call(obj, prop);
};

})();
// webpack/runtime/on_chunk_loaded
(function() {
var deferred = [];
__webpack_require__.O = function (result, chunkIds, fn, priority) {
	if (chunkIds) {
		priority = priority || 0;
		for (var i = deferred.length; i > 0 && deferred[i - 1][2] > priority; i--)
			deferred[i] = deferred[i - 1];
		deferred[i] = [chunkIds, fn, priority];
		return;
	}
	var notFulfilled = Infinity;
	for (var i = 0; i < deferred.length; i++) {
		var chunkIds = deferred[i][0],
			fn = deferred[i][1],
			priority = deferred[i][2];
		var fulfilled = true;
		for (var j = 0; j < chunkIds.length; j++) {
			if (
				(priority & (1 === 0) || notFulfilled >= priority) &&
				Object.keys(__webpack_require__.O).every(function (key) {
					return __webpack_require__.O[key](chunkIds[j]);
				})
			) {
				chunkIds.splice(j--, 1);
			} else {
				fulfilled = false;
				if (priority < notFulfilled) notFulfilled = priority;
			}
		}
		if (fulfilled) {
			deferred.splice(i--, 1);
			var r = fn();
			if (r !== undefined) result = r;
		}
	}
	return result;
};

})();
// webpack/runtime/define_property_getters
(function() {
__webpack_require__.d = function(exports, definition) {
	for(var key in definition) {
        if(__webpack_require__.o(definition, key) && !__webpack_require__.o(exports, key)) {
            Object.defineProperty(exports, key, { enumerable: true, get: definition[key] });
        }
    }
};
})();
// webpack/runtime/make_namespace_object
(function() {
// define __esModule on exports
__webpack_require__.r = function(exports) {
	if(typeof Symbol !== 'undefined' && Symbol.toStringTag) {
		Object.defineProperty(exports, Symbol.toStringTag, { value: 'Module' });
	}
	Object.defineProperty(exports, '__esModule', { value: true });
};

})();
// webpack/runtime/jsonp_chunk_loading
(function() {
var installedChunks = {"runtime": 0,};
__webpack_require__.O.j = function (chunkId) {
	return installedChunks[chunkId] === 0;
};
// install a JSONP callback for chunk loading
var webpackJsonpCallback = function (parentChunkLoadingFunction, data) {
	var chunkIds = data[0],
	moreModules = data[1],
	runtime = data[2];
	// add "moreModules" to the modules object,
	// then flag all "chunkIds" as loaded and fire callback
	var moduleId,
		chunkId,
		i = 0;
	if (chunkIds.some(function(id) { return installedChunks[id] !== 0 })) {
		for (moduleId in moreModules) {
			if (__webpack_require__.o(moreModules, moduleId)) {
				__webpack_require__.m[moduleId] = moreModules[moduleId];
			}
		}
		if (runtime) var result = runtime(__webpack_require__);
	}
	if (parentChunkLoadingFunction) parentChunkLoadingFunction(data);
	for (; i < chunkIds.length; i++) {
		chunkId = chunkIds[i];
		if (
			__webpack_require__.o(installedChunks, chunkId) &&
			installedChunks[chunkId]
		) {
			installedChunks[chunkId][0]();
		}
		installedChunks[chunkId] = 0;
	}
	return __webpack_require__.O(result);
};

var chunkLoadingGlobal = self['webpackChunkwebpack'] = self['webpackChunkwebpack'] || [];
chunkLoadingGlobal.forEach(webpackJsonpCallback.bind(null, 0));
chunkLoadingGlobal.push = webpackJsonpCallback.bind(
	null,
	chunkLoadingGlobal.push.bind(chunkLoadingGlobal)
);

})();

})()

```
