---
source: crates/rspack_error/tests/fixtures.rs
expression: multi_json_syntax_error
---
  × Error[json]: Json parsing error
   ╭─[tests/out_of_order/multi_json_syntax_error/a.json:2:1]
 2 │   "a"
 3 │ }
   · ┬
   · ╰── Unexpected character }
   ╰────
  × Error[json]: Json parsing error
   ╭─[tests/out_of_order/multi_json_syntax_error/b.json:1:1]
 1 │ "测试utf8\"
   ·           ▲
   ·           ╰── Unexpected end of JSON
   ╰────

